// Jest Snapshot v1, https://goo.gl/fbAQLP

exports[`LoginForm it matches snapshot 1`] = `
<DocumentFragment>
  <div>
    <div>
      Login
    </div>
    <form>
      <div>
        <label>
          Username
        </label>
        <input
          autocomplete="username"
          name="username"
          required=""
          value=""
        />
      </div>
      <div>
        <label>
          Password
        </label>
        <input
          autocomplete="current-password"
          name="password"
          required=""
          type="password"
          value=""
        />
      </div>
      <button>
        Submit
      </button>
    </form>
  </div>
</DocumentFragment>
`;
