// Jest Snapshot v1, https://goo.gl/fbAQLP

exports[`JobCardList it matches snapshot 1`] = `
<DocumentFragment>
  <div>
    <div>
      <div>
        Applied: 
      </div>
      <div>
        Title: title
      </div>
      <div>
        Company: company name
      </div>
      <div>
        Salary: 555,5
      </div>
      <div>
        Equity: 5
      </div>
      <button>
        Apply
      </button>
    </div>
  </div>
</DocumentFragment>
`;
